// Jest Snapshot v1, https://goo.gl/fbAQLP

exports[`snapshot counter not connect 1`] = `
"<div>
  <h1>
    Componente n√£o conectado
  </h1>
  0
  <div>
    <Button onClick={[Function: handleIncrement]} disabled={false} color=\\"primary\\" size=\\"medium\\" type=\\"button\\" className={[undefined]} active={false}>
      Aumentar valor
    </Button>
    <Button onClick={[Function: handleDecrement]} disabled={false} color=\\"primary\\" size=\\"medium\\" type=\\"button\\" className={[undefined]} active={false}>
      Diminuir valor
    </Button>
    <Button onClick={[Function: handleReset]} disabled={false} color=\\"primary\\" size=\\"medium\\" type=\\"button\\" className={[undefined]} active={false}>
      Zerar
    </Button>
  </div>
</div>"
`;
