// Jest Snapshot v1, https://goo.gl/fbAQLP

exports[`not connect snapshot counter not connect 1`] = `
"<div className={[undefined]}>
  <span>
    Componente n√£o conectado -
     
    <strong>
      Valor:
      <span className=\\"value\\">
        0
      </span>
    </strong>
  </span>
  <div>
    <Button id=\\"increment-btn\\" className={[undefined]} onClick={[Function: handleIncrement]} disabled={false} color=\\"primary\\" size=\\"medium\\" type=\\"button\\" active={false}>
      Aumentar valor
    </Button>
    <Button id=\\"decrement-btn\\" onClick={[Function: handleDecrement]} className={[undefined]} disabled={false} color=\\"primary\\" size=\\"medium\\" type=\\"button\\" active={false}>
      Diminuir valor
    </Button>
    <Button id=\\"reset-btn\\" onClick={[Function: handleReset]} className={[undefined]} disabled={false} color=\\"primary\\" size=\\"medium\\" type=\\"button\\" active={false}>
      Zerar
    </Button>
  </div>
</div>"
`;
