// Jest Snapshot v1, https://goo.gl/fbAQLP

exports[`prim 1`] = `
"<Fragment>
  <Button onClick={[Function: onClick]} iconLeft=\\"whatshot\\" disabled={false} color=\\"primary\\" size=\\"medium\\" type=\\"button\\" className={[undefined]} active={false}>
    hello
  </Button>
</Fragment>"
`;
